// Jest Snapshot v1, https://goo.gl/fbAQLP

exports[`render login 1`] = `
<div
  className="container"
>
  <br />
  <br />
  <h4>
     Login 
  </h4>
  <br />
  <br />
  <form
    onSubmit={[Function]}
  >
    <label
      className=""
    >
      Username
    </label>
    <input
      className="form-control"
      type="text"
    />
    <div
      className="form-group"
    >
      <label
        className=""
        htmlFor="Password"
      >
        Password
      </label>
      <input
        className="form-control"
        type="password"
      />
    </div>
    <br />
    <p
      style={
        Object {
          "color": "red",
        }
      }
    >
      
    </p>
    <input
      name="clickme"
      type="submit"
      value="Submit"
    />
  </form>
</div>
`;
